
> chesshive-react@0.1.0 build
> react-scripts build

node.exe : [baseline-browser-mapping] The data in this module is over two 
months old.  To ensure accurate Baseline data, please update: `npm i 
baseline-browser-mapping@latest -D`
At C:\Program Files\nodejs\npm.ps1:29 char:3
+   & $NODE_EXE $NPM_CLI_JS $args
+   ~~~~~~~~~~~~~~~~~~~~~~~~~~~~~
    + CategoryInfo          : NotSpecified: ([baseline-brows...ping@latest -D` 
   :String) [], RemoteException
    + FullyQualifiedErrorId : NativeCommandError
 
Creating an optimized production build...
[baseline-browser-mapping] The data in this module is over two months old.  To 
ensure accurate Baseline data, please update: `npm i 
baseline-browser-mapping@latest -D`
Compiled with warnings.

[eslint] 
src\App.js
  Line 1:1:  Unexpected Unicode BOM (Byte Order Mark)  unicode-bom

src\components\ImageCarousel.jsx
  Line 13:7:  React Hook useEffect has a complex expression in the dependency array. Extract it to a separate variable so it can be statically checked  react-hooks/exhaustive-deps

src\components\PaymentGatewayModal.jsx
  Line 23:9:  'idx' is assigned a value but never used  no-unused-vars

src\features\auth\authSlice.js
  Line 2:58:  'TAB_ID' is defined but never used                   no-unused-vars
  Line 3:64:  'getRefreshToken' is defined but never used          no-unused-vars
  Line 6:7:   'loadUserSafely' is assigned a value but never used  no-unused-vars

src\pages\ContactUs.jsx
  Line 19:10:  'sidebarPos' is assigned a value but never used     no-unused-vars
  Line 19:22:  'setSidebarPos' is assigned a value but never used  no-unused-vars

src\pages\Signup.jsx
  Line 14:9:  'swapAnimation' is assigned a value but never used  no-unused-vars

src\pages\admin\AdminCoordinatorDetail.jsx
  Line 64:9:  'isSelfDeleted' is assigned a value but never used  no-unused-vars

src\pages\admin\AdminCoordinatorManagement.jsx
  Line 78:9:  'handleRemove' is assigned a value but never used   no-unused-vars
  Line 92:9:  'handleRestore' is assigned a value but never used  no-unused-vars

src\pages\admin\AdminDashboard.jsx
  Line 8:7:    'containerVariants' is assigned a value but never used  no-unused-vars
  Line 31:10:  'sidebarOpen' is assigned a value but never used        no-unused-vars
  Line 33:10:  'loading' is assigned a value but never used            no-unused-vars

src\pages\admin\AdminOrganizerDetail.jsx
  Line 62:9:  'isSelfDeleted' is assigned a value but never used  no-unused-vars

src\pages\admin\AdminOrganizerManagement.jsx
  Line 77:9:  'handleRemove' is assigned a value but never used   no-unused-vars
  Line 92:9:  'handleRestore' is assigned a value but never used  no-unused-vars

src\pages\admin\AdminPayments.jsx
  Line 290:80:  Duplicate key 'cursor'  no-dupe-keys

src\pages\admin\AdminPlayerDetail.jsx
  Line 19:10:  'Line' is defined but never used                           no-unused-vars
  Line 19:16:  'Bar' is defined but never used                            no-unused-vars
  Line 113:9:  'ratingChartData' is assigned a value but never used       no-unused-vars
  Line 129:9:  'performanceChartData' is assigned a value but never used  no-unused-vars
  Line 153:9:  'isSelfDeleted' is assigned a value but never used         no-unused-vars

src\pages\admin\AdminPlayerManagement.jsx
  Line 77:9:  'handleRemove' is assigned a value but never used   no-unused-vars
  Line 94:9:  'handleRestore' is assigned a value but never used  no-unused-vars

src\pages\coordinator\CoordinatorChat.jsx
  Line 15:10:  'isDark' is assigned a value but never used        no-unused-vars
  Line 15:18:  'toggleTheme' is assigned a value but never used   no-unused-vars
  Line 195:9:  'openChatWith' is assigned a value but never used  no-unused-vars

src\pages\coordinator\CoordinatorProfile.jsx
  Line 75:39:  React Hook useEffect has a missing dependency: 'loadProfile'. Either include it or remove the dependency array  react-hooks/exhaustive-deps

src\pages\coordinator\FeedbackView.jsx
  Line 9:7:  'sectionVariants' is assigned a value but never used  no-unused-vars

src\pages\coordinator\ProductDetails.jsx
  Line 1:28:  'useMemo' is defined but never used  no-unused-vars

src\pages\coordinator\StoreManagement.jsx
  Line 40:7:   'sectionVariants' is assigned a value but never used                                                                                   no-unused-vars
  Line 124:6:  React Hook useEffect has missing dependencies: 'fetchAnalytics' and 'fetchOrders'. Either include them or remove the dependency array  react-hooks/exhaustive-deps
  Line 233:9:  'openCombinedProduct' is assigned a value but never used                                                                               no-unused-vars
  Line 488:9:  'openProductAnalytics' is assigned a value but never used                                                                              no-unused-vars

src\pages\coordinator\TournamentDetails.jsx
  Line 159:6:  React Hook useEffect has missing dependencies: 'loadDetails' and 'loadFiles'. Either include them or remove the dependency array  react-hooks/exhaustive-deps

src\pages\coordinator\TournamentManagement.jsx
  Line 335:9:  'requestFeedback' is assigned a value but never used  no-unused-vars

src\pages\organizer\OrganizerProfile.jsx
  Line 80:39:  React Hook useEffect has a missing dependency: 'loadProfile'. Either include it or remove the dependency array  react-hooks/exhaustive-deps

src\pages\player\PlayerChat.jsx
  Line 3:8:  'usePlayerTheme' is defined but never used  no-unused-vars

src\pages\player\PlayerDashboard.jsx
  Line 48:10:  'isMobile' is assigned a value but never used  no-unused-vars

src\pages\player\PlayerProfile.jsx
  Line 1:47:   'useCallback' is defined but never used              no-unused-vars
  Line 4:8:    'PaymentGatewayModal' is defined but never used      no-unused-vars
  Line 8:10:   'isDark' is assigned a value but never used          no-unused-vars
  Line 8:18:   'toggleTheme' is assigned a value but never used     no-unused-vars
  Line 200:9:  'formatDateTime' is assigned a value but never used  no-unused-vars

src\pages\player\PlayerStore.jsx
  Line 344:10:  'slipModal' is assigned a value but never used  no-unused-vars
  Line 346:9:   'closeSlip' is assigned a value but never used  no-unused-vars
  Line 347:9:   'printSlip' is assigned a value but never used  no-unused-vars

src\pages\player\PlayerSubscription.jsx
  Line 11:7:  'MAX_WALLET_TOPUP' is assigned a value but never used  no-unused-vars

src\routes\AppRoutes.jsx
  Line 83:8:  'AdminOrganizerAnalytics' is defined but never used  no-unused-vars

src\utils\fetchWithRole.js
  Line 1:45:    'getStoredData' is defined but never used                       no-unused-vars
  Line 2:26:    'isTokenExpired' is defined but never used                      no-unused-vars
  Line 102:15:  'errorData' is assigned a value but never used                  no-unused-vars
  Line 258:1:   Assign object to a variable before exporting as module default  import/no-anonymous-default-export

src\utils\multiTabManager.js
  Line 283:1:  Assign object to a variable before exporting as module default  import/no-anonymous-default-export

src\utils\tokenManager.js
  Line 349:1:  Assign object to a variable before exporting as module default  import/no-anonymous-default-export

Search for the keywords to learn more about each warning.
To ignore, add // eslint-disable-next-line to the line before.

File sizes after gzip:

  483.5 kB  build\static\js\main.eb83b73c.js
  7 kB      build\static\css\main.711fd320.css

The project was built assuming it is hosted at /.
You can control this with the homepage field in your package.json.

The build folder is ready to be deployed.
You may serve it with a static server:

  npm install -g serve
  serve -s build

Find out more about deployment here:

  https://cra.link/deployment

